// Vitest Snapshot v1, https://vitest.dev/guide/snapshot.html

exports[`Header > should render the Header component 1`] = `
<DocumentFragment>
  <div
    class="d-flex justify-content-center align-items-center w-100 h-100 bg-light"
  >
    <nav
      class="navbar"
    >
      <span
        class="navbar-brand m-0"
      >
        <svg
          alt="List emoji"
          aria-hidden="true"
          class="svg-inline--fa fa-rectangle-list fa-lg d-inline-block"
          color=""
          data-icon="rectangle-list"
          data-prefix="fas"
          focusable="false"
          role="img"
          viewBox="0 0 512 512"
          xmlns="http://www.w3.org/2000/svg"
        >
          <path
            d="M64 64C28.7 64 0 92.7 0 128L0 384c0 35.3 28.7 64 64 64l384 0c35.3 0 64-28.7 64-64l0-256c0-35.3-28.7-64-64-64L64 64zm96 256a32 32 0 1 1 -64 0 32 32 0 1 1 64 0zm-32-96a32 32 0 1 1 0-64 32 32 0 1 1 0 64zm120-56l144 0c13.3 0 24 10.7 24 24s-10.7 24-24 24l-144 0c-13.3 0-24-10.7-24-24s10.7-24 24-24zm0 128l144 0c13.3 0 24 10.7 24 24s-10.7 24-24 24l-144 0c-13.3 0-24-10.7-24-24s10.7-24 24-24z"
            fill="currentColor"
          />
        </svg>
      </span>
      <span
        class="header__text align-top fs-5"
      >
        Just Another Todo App
      </span>
    </nav>
  </div>
</DocumentFragment>
`;
