// Jest Snapshot v1, https://goo.gl/fbAQLP

exports[`Footer should render the Footer component 1`] = `
<div
  className="footer__container text-center d-flex h-100 justify-content-center align-items-center"
>
  <div
    className="wrapper"
  >
     
    <p
      className="footer__p"
    >
      This app runs offline and doesn't use analytics.
    </p>
    <p
      className="footer__p"
    >
      Keep your data safe in your browser!
    </p>
    <p
      className="footer__p"
    >
      Made with 
       by
       
      <a
        href="https://github.com/arthur-melo"
        rel="noopener noreferrer"
        target="_blank"
      >
        @arthur-melo
      </a>
    </p>
  </div>
</div>
`;
